[22:59:06] [main/INFO]: Loading Minecraft 1.21.11 with Fabric Loader 0.18.2
[22:59:06] [main/INFO]: Loading 4 mods:
	- fabricloader 0.18.2
	   \-- mixinextras 0.5.0
	- java 21
	- minecraft 1.21.11
[22:59:06] [main/INFO]: SpongePowered MIXIN Subsystem Version=0.8.7 Source=file:/workspaces/Juz/servidor_minecraft/libraries/net/fabricmc/sponge-mixin/0.16.5+mixin.0.8.7/sponge-mixin-0.16.5+mixin.0.8.7.jar Service=Knot/Fabric Env=SERVER
[22:59:18] [main/INFO]: Environment: Environment[sessionHost=https://sessionserver.mojang.com, servicesHost=https://api.minecraftservices.com, profilesHost=https://api.mojang.com, name=PROD]
[22:59:20] [main/INFO]: No existing world data, creating new world
[22:59:22] [main/INFO]: Loaded 1470 recipes
[22:59:22] [main/INFO]: Loaded 1584 advancements
[22:59:22] [Server thread/INFO]: Starting minecraft server version 1.21.11
[22:59:22] [Server thread/INFO]: Loading properties
[22:59:22] [Server thread/INFO]: Default game type: SURVIVAL
[22:59:22] [Server thread/INFO]: Generating keypair
[22:59:23] [Server thread/INFO]: Starting Minecraft server on *:25565
[22:59:23] [Server thread/WARN]: **** SERVER IS RUNNING IN OFFLINE/INSECURE MODE!
[22:59:23] [Server thread/WARN]: The server will make no attempt to authenticate usernames. Beware.
[22:59:23] [Server thread/WARN]: While this makes the game possible to play without internet access, it also opens up the ability for hackers to connect with any username they choose.
[22:59:23] [Server thread/WARN]: To change this, set "online-mode" to "true" in the server.properties file.
[22:59:23] [Server thread/INFO]: Preparing level "world"
[22:59:24] [Server thread/INFO]: Selecting global world spawn...
[22:59:45] [Server thread/INFO]: Loading 0 persistent chunks...
[22:59:45] [Server thread/INFO]: Preparing spawn area: 100%
[22:59:45] [Server thread/INFO]: Time elapsed: 21204 ms
[22:59:45] [Server thread/INFO]: Done (22.024s)! For help, type "help"
[23:00:45] [Server thread/INFO]: Server empty for 60 seconds, pausing
